Analyzing SaveMoney...                                          

warning - The value of the local variable 'isGoingToFamilySetup' isn't used - lib\core\router\app_router.dart:31:13 - unused_local_variable
warning - The value of the field '_compactFormat' isn't used - lib\core\utils\format_utils.dart:10:16 - unused_field
warning - Unnecessary cast - lib\features\budget\data\budget_repository.dart:14:18 - unnecessary_cast
warning - Unused import: 'package:fl_chart/fl_chart.dart' - lib\features\budget\presentation\screens\budget_screen.dart:3:8 - unused_import
warning - Unnecessary cast - lib\features\family\data\family_repository.dart:107:13 - unnecessary_cast
warning - Unused import: 'package:savemoney/shared/widgets/category_icon.dart' - lib\features\home\presentation\screens\home_screen.dart:10:8 - unused_import
   info - Unnecessary use of string interpolation - lib\features\home\presentation\screens\home_screen.dart:112:37 - unnecessary_string_interpolations
   info - Unnecessary use of multiple underscores - lib\features\home\presentation\screens\home_screen.dart:353:48 - unnecessary_underscores
   info - Unnecessary use of multiple underscores - lib\features\home\presentation\screens\home_screen.dart:353:52 - unnecessary_underscores
   info - 'withOpacity' is deprecated and shouldn't be used. Use .withValues() to avoid precision loss - lib\features\home\presentation\screens\home_screen.dart:365:85 - deprecated_member_use
warning - The value of the local variable 'categories' isn't used - lib\features\report\presentation\screens\reports_screen.dart:20:11 - unused_local_variable
warning - Unnecessary cast - lib\features\savings\data\savings_repository.dart:15:18 - unnecessary_cast
   info - 'value' is deprecated and shouldn't be used. Use component accessors like .r or .g, or toARGB32 for an explicit conversion - lib\features\savings\data\savings_repository.dart:41:22 - deprecated_member_use
warning - The value of the local variable 'oldProgress' isn't used - lib\features\savings\presentation\screens\savings_screen.dart:456:18 - unused_local_variable
   info - Unnecessary use of 'toList' in a spread - lib\features\savings\presentation\screens\savings_screen.dart:574:34 - unnecessary_to_list_in_spreads
   info - Unnecessary use of multiple underscores - lib\features\savings\presentation\screens\savings_screen.dart:656:34 - unnecessary_underscores
   info - Unnecessary use of multiple underscores - lib\features\savings\presentation\screens\savings_screen.dart:665:34 - unnecessary_underscores
   info - Unnecessary use of multiple underscores - lib\features\savings\presentation\screens\savings_screen.dart:678:34 - unnecessary_underscores
warning - Unnecessary cast - lib\features\transaction\data\transaction_repository.dart:16:18 - unnecessary_cast
   info - The private field _selectedWalletId could be 'final' - lib\features\transaction\presentation\screens\add_transaction_screen.dart:21:10 - prefer_final_fields
   info - Don't use 'BuildContext's across async gaps, guarded by an unrelated 'mounted' check - lib\features\transaction\presentation\screens\add_transaction_screen.dart:85:52 - use_build_context_synchronously
   info - Don't use 'BuildContext's across async gaps, guarded by an unrelated 'mounted' check - lib\features\transaction\presentation\screens\add_transaction_screen.dart:92:45 - use_build_context_synchronously
   info - Don't use 'BuildContext's across async gaps, guarded by an unrelated 'mounted' check - lib\features\transaction\presentation\screens\add_transaction_screen.dart:96:52 - use_build_context_synchronously
   info - Unnecessary use of 'toList' in a spread - lib\features\wallet\presentation\screens\wallet_screen.dart:327:16 - unnecessary_to_list_in_spreads
   info - Don't use 'BuildContext's across async gaps - lib\features\wallet\presentation\screens\wallet_screen.dart:333:90 - use_build_context_synchronously
  error - The name 'MyApp' isn't a class - test\widget_test.dart:16:35 - creation_with_non_type

26 issues found. (ran in 5.4s)
